// Jest Snapshot v1, https://goo.gl/fbAQLP

exports[`renders learn react link 1`] = `
Object {
  "asFragment": [Function],
  "baseElement": <body>
    <div>
      <div
        class="App"
      >
        <header>
          <h1>
            Todo Manager
          </h1>
          <div
            class="logout-header"
          >
            <h3
              class="logout-button"
            >
              logout
            </h3>
          </div>
        </header>
        <p />
        <div>
          <h1>
            Login Page:
          </h1>
          <div>
            <h5
              class=""
            >
              Sign Up
            </h5>
          </div>
          <div>
            <h5
              class="active"
            >
              Sign In
            </h5>
          </div>
          <form>
            <label>
              Email:
            </label>
            <input
              placeholder="Email"
              type="email"
              value=""
            />
            <label>
              Password:
            </label>
            <input
              placeholder="Password"
              type="password"
              value=""
            />
            <button>
              Submit
            </button>
          </form>
        </div>
      </div>
    </div>
  </body>,
  "container": <div>
    <div
      class="App"
    >
      <header>
        <h1>
          Todo Manager
        </h1>
        <div
          class="logout-header"
        >
          <h3
            class="logout-button"
          >
            logout
          </h3>
        </div>
      </header>
      <p />
      <div>
        <h1>
          Login Page:
        </h1>
        <div>
          <h5
            class=""
          >
            Sign Up
          </h5>
        </div>
        <div>
          <h5
            class="active"
          >
            Sign In
          </h5>
        </div>
        <form>
          <label>
            Email:
          </label>
          <input
            placeholder="Email"
            type="email"
            value=""
          />
          <label>
            Password:
          </label>
          <input
            placeholder="Password"
            type="password"
            value=""
          />
          <button>
            Submit
          </button>
        </form>
      </div>
    </div>
  </div>,
  "debug": [Function],
  "findAllByAltText": [Function],
  "findAllByDisplayValue": [Function],
  "findAllByLabelText": [Function],
  "findAllByPlaceholderText": [Function],
  "findAllByRole": [Function],
  "findAllByTestId": [Function],
  "findAllByText": [Function],
  "findAllByTitle": [Function],
  "findByAltText": [Function],
  "findByDisplayValue": [Function],
  "findByLabelText": [Function],
  "findByPlaceholderText": [Function],
  "findByRole": [Function],
  "findByTestId": [Function],
  "findByText": [Function],
  "findByTitle": [Function],
  "getAllByAltText": [Function],
  "getAllByDisplayValue": [Function],
  "getAllByLabelText": [Function],
  "getAllByPlaceholderText": [Function],
  "getAllByRole": [Function],
  "getAllByTestId": [Function],
  "getAllByText": [Function],
  "getAllByTitle": [Function],
  "getByAltText": [Function],
  "getByDisplayValue": [Function],
  "getByLabelText": [Function],
  "getByPlaceholderText": [Function],
  "getByRole": [Function],
  "getByTestId": [Function],
  "getByText": [Function],
  "getByTitle": [Function],
  "queryAllByAltText": [Function],
  "queryAllByDisplayValue": [Function],
  "queryAllByLabelText": [Function],
  "queryAllByPlaceholderText": [Function],
  "queryAllByRole": [Function],
  "queryAllByTestId": [Function],
  "queryAllByText": [Function],
  "queryAllByTitle": [Function],
  "queryByAltText": [Function],
  "queryByDisplayValue": [Function],
  "queryByLabelText": [Function],
  "queryByPlaceholderText": [Function],
  "queryByRole": [Function],
  "queryByTestId": [Function],
  "queryByText": [Function],
  "queryByTitle": [Function],
  "rerender": [Function],
  "unmount": [Function],
}
`;
